#
# There is insufficient memory for the Java Runtime Environment to continue.
# Native memory allocation (mmap) failed to map 528482304 bytes. Error detail: G1 virtual space
# Possible reasons:
#   The system is out of physical RAM or swap space
#   This process is running with CompressedOops enabled, and the Java Heap may be blocking the growth of the native heap
# Possible solutions:
#   Reduce memory load on the system
#   Increase physical memory or swap space
#   Check if swap backing store is full
#   Decrease Java heap size (-Xmx/-Xms)
#   Decrease number of Java threads
#   Decrease Java thread stack sizes (-Xss)
#   Set larger code cache with -XX:ReservedCodeCacheSize=
#   JVM is running with Zero Based Compressed Oops mode in which the Java heap is
#     placed in the first 32GB address space. The Java Heap base address is the
#     maximum limit for the native heap growth. Please use -XX:HeapBaseMinAddress
#     to set the Java Heap base and to place the Java Heap above 32GB virtual address.
# This output file may be truncated or incomplete.
#
#  Out of Memory Error (os_windows.cpp:3925), pid=21680, tid=18032
#
# JRE version:  (21.0.8) (build )
# Java VM: OpenJDK 64-Bit Server VM (21.0.8+-14196175-b1038.72, mixed mode, sharing, tiered, compressed oops, compressed class ptrs, g1 gc, windows-amd64)
# No core dump will be written. Minidumps are not enabled by default on client versions of Windows
#

---------------  S U M M A R Y ------------

Command Line: org.jetbrains.kotlin.cli.jvm.K2JVMCompiler @D:\Nebula\build\android_alarm_manager_plus\20251225_17107441367117108144.compiler.options

Host: AMD Ryzen 5 PRO 4650G with Radeon Graphics, 12 cores, 31G,  Windows 11 , 64 bit Build 26100 (10.0.26100.7309)
Time: Thu Dec 25 01:06:01 2025 elapsed time: 2.039268 seconds (0d 0h 0m 2s)

---------------  T H R E A D  ---------------

Current thread (0x0000026e391b2170):  JavaThread "Unknown thread" [_thread_in_vm, id=18032, stack(0x0000007a7e900000,0x0000007a7ea00000) (1024K)]

Stack: [0x0000007a7e900000,0x0000007a7ea00000]
Native frames: (J=compiled Java code, j=interpreted, Vv=VM code, C=native code)
V  [jvm.dll+0x6d68d9]
V  [jvm.dll+0x866693]
V  [jvm.dll+0x868c4e]
V  [jvm.dll+0x869333]
V  [jvm.dll+0x280566]
V  [jvm.dll+0x6d3195]
V  [jvm.dll+0x6c69ea]
V  [jvm.dll+0x3586db]
V  [jvm.dll+0x360336]
V  [jvm.dll+0x3b23f6]
V  [jvm.dll+0x3b26c8]
V  [jvm.dll+0x32ae6c]
V  [jvm.dll+0x32bb5b]
V  [jvm.dll+0x82e109]
V  [jvm.dll+0x3bf5c8]
V  [jvm.dll+0x817388]
V  [jvm.dll+0x453b6e]
V  [jvm.dll+0x4552d1]
C  [jli.dll+0x52ab]
C  [ucrtbase.dll+0x37b0]
C  [KERNEL32.DLL+0x2e8d7]
C  [ntdll.dll+0x8c53c]


---------------  P R O C E S S  ---------------

Threads class SMR info:
_java_thread_list=0x00007ff848a4b988, length=0, elements={
}

Java Threads: ( => current thread )
Total: 0

Other Threads:
  0x0000026e3b5f30b0 WorkerThread "GC Thread#0"                     [id=7044, stack(0x0000007a7ea00000,0x0000007a7eb00000) (1024K)]
  0x0000026e3b603cf0 ConcurrentGCThread "G1 Main Marker"            [id=16272, stack(0x0000007a7eb00000,0x0000007a7ec00000) (1024K)]
  0x0000026e3b606380 WorkerThread "G1 Conc#0"                       [id=18500, stack(0x0000007a7ec00000,0x0000007a7ed00000) (1024K)]

[error occurred during error reporting (printing all threads), id 0xc0000005, EXCEPTION_ACCESS_VIOLATION (0xc0000005) at pc=0x00007ff84823ddd7]
VM state: not at safepoint (not fully initialized)

VM Mutex/Monitor currently owned by a thread:  ([mutex/lock_event])
[0x00007ff848ab86b8] Heap_lock - owner thread: 0x0000026e391b2170

Heap address: 0x000000060a000000, size: 8032 MB, Compressed Oops mode: Zero based, Oop shift amount: 3

CDS archive(s) mapped at: [0x0000000000000000-0x0000000000000000-0x0000000000000000), size 0, SharedBaseAddress: 0x0000000800000000, ArchiveRelocationMode: 1.
Narrow klass base: 0x0000000000000000, Narrow klass shift: 0, Narrow klass range: 0x0

GC Precious Log:
 CardTable entry size: 512
 Card Set container configuration: InlinePtr #cards 4 size 8 Array Of Cards #cards 32 size 80 Howl #buckets 8 coarsen threshold 7372 Howl Bitmap #cards 1024 size 144 coarsen threshold 921 Card regions per heap region 1 cards per card region 8192

Heap:
 garbage-first heap   total 0K, used 0K [0x000000060a000000, 0x0000000800000000)
  region size 4096K, 0 young (0K), 0 survivors (0K)
 Metaspace       used 0K, committed 0K, reserved 0K
  class space    used 0K, committed 0K, reserved 0K

Heap Regions: E=young(eden), S=young(survivor), O=old, HS=humongous(starts), HC=humongous(continues), CS=collection set, F=free, TAMS=top-at-mark-start, PB=parsable bottom

Card table byte_map: [0x0000026e4eba0000,0x0000026e4fb50000] _byte_map_base: 0x0000026e4bb50000

Marking Bits: (CMBitMap*) 0x0000026e3b5f37b0
 Bits: [0x0000026e4fb50000, 0x0000026e578d0000)

GC Heap History (0 events):
No events

Dll operation events (1 events):
Event: 0.012 Loaded shared library C:\Program Files\Android\Android Studio\jbr\bin\java.dll

Deoptimization events (0 events):
No events

Classes loaded (0 events):
No events

Classes unloaded (0 events):
No events

Classes redefined (0 events):
No events

Internal exceptions (0 events):
No events

ZGC Phase Switch (0 events):
No events

VM Operations (0 events):
No events

Memory protections (0 events):
No events

Nmethod flushes (0 events):
No events

Events (0 events):
No events


Dynamic libraries:
0x00007ff683760000 - 0x00007ff68376a000 	C:\Program Files\Android\Android Studio\jbr\bin\java.exe
0x00007ff9327e0000 - 0x00007ff932a47000 	C:\WINDOWS\SYSTEM32\ntdll.dll
0x00007ff9312a0000 - 0x00007ff931369000 	C:\WINDOWS\System32\KERNEL32.DLL
0x00007ff92fec0000 - 0x00007ff9302af000 	C:\WINDOWS\System32\KERNELBASE.dll
0x00007ff9303a0000 - 0x00007ff9304eb000 	C:\WINDOWS\System32\ucrtbase.dll
0x00007ff92c530000 - 0x00007ff92c548000 	C:\Program Files\Android\Android Studio\jbr\bin\jli.dll
0x00007ff914f60000 - 0x00007ff914f7b000 	C:\Program Files\Android\Android Studio\jbr\bin\VCRUNTIME140.dll
0x00007ff930780000 - 0x00007ff930945000 	C:\WINDOWS\System32\USER32.dll
0x00007ff91d9c0000 - 0x00007ff91dc53000 	C:\WINDOWS\WinSxS\amd64_microsoft.windows.common-controls_6595b64144ccf1df_6.0.26100.7309_none_3e05feeae336a044\COMCTL32.dll
0x00007ff930370000 - 0x00007ff930397000 	C:\WINDOWS\System32\win32u.dll
0x00007ff931610000 - 0x00007ff9316b9000 	C:\WINDOWS\System32\msvcrt.dll
0x00007ff930640000 - 0x00007ff93066b000 	C:\WINDOWS\System32\GDI32.dll
0x00007ff92fd90000 - 0x00007ff92febc000 	C:\WINDOWS\System32\gdi32full.dll
0x00007ff9302c0000 - 0x00007ff930363000 	C:\WINDOWS\System32\msvcp_win.dll
0x00007ff931fe0000 - 0x00007ff932011000 	C:\WINDOWS\System32\IMM32.DLL
0x00007ff915c50000 - 0x00007ff915c5c000 	C:\Program Files\Android\Android Studio\jbr\bin\vcruntime140_1.dll
0x00007ff90d330000 - 0x00007ff90d3bd000 	C:\Program Files\Android\Android Studio\jbr\bin\msvcp140.dll
0x00007ff847f00000 - 0x00007ff848b96000 	C:\Program Files\Android\Android Studio\jbr\bin\server\jvm.dll
0x00007ff9314e0000 - 0x00007ff931594000 	C:\WINDOWS\System32\ADVAPI32.dll
0x00007ff930de0000 - 0x00007ff930e86000 	C:\WINDOWS\System32\sechost.dll
0x00007ff9321f0000 - 0x00007ff932308000 	C:\WINDOWS\System32\RPCRT4.dll
0x00007ff931f60000 - 0x00007ff931fd4000 	C:\WINDOWS\System32\WS2_32.dll
0x00007ff92f790000 - 0x00007ff92f7ee000 	C:\WINDOWS\SYSTEM32\POWRPROF.dll
0x00007ff92d270000 - 0x00007ff92d27b000 	C:\WINDOWS\SYSTEM32\VERSION.dll
0x00007ff924ff0000 - 0x00007ff925025000 	C:\WINDOWS\SYSTEM32\WINMM.dll
0x00007ff92f770000 - 0x00007ff92f784000 	C:\WINDOWS\SYSTEM32\UMPDC.dll
0x00007ff92e6a0000 - 0x00007ff92e6bb000 	C:\WINDOWS\SYSTEM32\kernel.appcore.dll
0x00007ff914f50000 - 0x00007ff914f5a000 	C:\Program Files\Android\Android Studio\jbr\bin\jimage.dll
0x00007ff923860000 - 0x00007ff923aa2000 	C:\WINDOWS\SYSTEM32\DBGHELP.DLL
0x00007ff930a40000 - 0x00007ff930dc5000 	C:\WINDOWS\System32\combase.dll
0x00007ff930670000 - 0x00007ff930746000 	C:\WINDOWS\System32\OLEAUT32.dll
0x00007ff915400000 - 0x00007ff91543c000 	C:\WINDOWS\SYSTEM32\dbgcore.DLL
0x00007ff92faa0000 - 0x00007ff92fb45000 	C:\WINDOWS\System32\bcryptPrimitives.dll
0x00007ff92c550000 - 0x00007ff92c570000 	C:\Program Files\Android\Android Studio\jbr\bin\java.dll

JVMTI agents: none

dbghelp: loaded successfully - version: 4.0.5 - missing functions: none
symbol engine: initialized successfully - sym options: 0x614 - pdb path: .;C:\Program Files\Android\Android Studio\jbr\bin;C:\WINDOWS\SYSTEM32;C:\WINDOWS\WinSxS\amd64_microsoft.windows.common-controls_6595b64144ccf1df_6.0.26100.7309_none_3e05feeae336a044;C:\Program Files\Android\Android Studio\jbr\bin\server

VM Arguments:
java_command: org.jetbrains.kotlin.cli.jvm.K2JVMCompiler @D:\Nebula\build\android_alarm_manager_plus\20251225_17107441367117108144.compiler.options
java_class_path (initial): C:\Users\mike_\.gradle\caches\modules-2\files-2.1\org.jetbrains.kotlin\kotlin-compiler-embeddable\2.2.20\bb8331b7585e36ea311825b01a1c06860c055fd1\kotlin-compiler-embeddable-2.2.20.jar;C:\Users\mike_\.gradle\caches\modules-2\files-2.1\org.jetbrains.kotlin\kotlin-stdlib\2.2.20\5380b19fa1924399b62ce3a1faffebb2b4f82272\kotlin-stdlib-2.2.20.jar;C:\Users\mike_\.gradle\caches\modules-2\files-2.1\org.jetbrains.kotlin\kotlin-script-runtime\2.2.20\4c679cbeac0bb583b75c3a080013da8eaf240807\kotlin-script-runtime-2.2.20.jar;C:\Users\mike_\.gradle\caches\modules-2\files-2.1\org.jetbrains.kotlin\kotlin-reflect\1.6.10\1cbe9c92c12a94eea200d23c2bbaedaf3daf5132\kotlin-reflect-1.6.10.jar;C:\Users\mike_\.gradle\caches\modules-2\files-2.1\org.jetbrains.kotlin\kotlin-daemon-embeddable\2.2.20\feff12d48d7f1eb628742b0a721395e16f8755bf\kotlin-daemon-embeddable-2.2.20.jar;C:\Users\mike_\.gradle\caches\modules-2\files-2.1\org.jetbrains.kotlinx\kotlinx-coroutines-core-jvm\1.8.0\ac1dc37a30a93150b704022f8d895ee1bd3a36b3\kotlinx-coroutines-core-jvm-1.8.0.jar;C:\Users\mike_\.gradle\caches\modules-2\files-2.1\org.jetbrains\annotations\13.0\919f0dfe192fb4e063e7dacadee7f8bb9a2672a9\annotations-13.0.jar
Launcher Type: SUN_STANDARD

[Global flags]
     intx CICompilerCount                          = 4                                         {product} {ergonomic}
     uint ConcGCThreads                            = 3                                         {product} {ergonomic}
     uint G1ConcRefinementThreads                  = 10                                        {product} {ergonomic}
   size_t G1HeapRegionSize                         = 4194304                                   {product} {ergonomic}
    uintx GCDrainStackTargetSize                   = 64                                        {product} {ergonomic}
   size_t InitialHeapSize                          = 528482304                                 {product} {ergonomic}
   size_t MarkStackSize                            = 4194304                                   {product} {ergonomic}
   size_t MaxHeapSize                              = 8422162432                                {product} {ergonomic}
   size_t MinHeapDeltaBytes                        = 4194304                                   {product} {ergonomic}
   size_t MinHeapSize                              = 8388608                                   {product} {ergonomic}
    uintx NonNMethodCodeHeapSize                   = 5839372                                {pd product} {ergonomic}
    uintx NonProfiledCodeHeapSize                  = 122909434                              {pd product} {ergonomic}
    uintx ProfiledCodeHeapSize                     = 122909434                              {pd product} {ergonomic}
    uintx ReservedCodeCacheSize                    = 251658240                              {pd product} {ergonomic}
     bool SegmentedCodeCache                       = true                                      {product} {ergonomic}
   size_t SoftMaxHeapSize                          = 8422162432                             {manageable} {ergonomic}
     bool UseCompressedOops                        = true                           {product lp64_product} {ergonomic}
     bool UseG1GC                                  = true                                      {product} {ergonomic}
     bool UseLargePagesIndividualAllocation        = false                                  {pd product} {ergonomic}

Logging:
Log output configuration:
 #0: stdout all=warning uptime,level,tags foldmultilines=false
 #1: stderr all=off uptime,level,tags foldmultilines=false

Environment Variables:
JAVA_HOME=C:\Program Files\Android\Android Studio\jbr
CLASSPATH=D:\Nebula\android\\gradle\wrapper\gradle-wrapper.jar
PATH=C:\Program Files\Android\Android Studio\jbr\bin;C:\Python314\Scripts\;C:\Python314\;C:\WINDOWS\system32;C:\WINDOWS;C:\WINDOWS\System32\Wbem;C:\WINDOWS\System32\WindowsPowerShell\v1.0\;C:\WINDOWS\System32\OpenSSH\;C:\Program Files\Microsoft SQL Server\150\Tools\Binn\;C:\Program Files\Microsoft SQL Server\Client SDK\ODBC\170\Tools\Binn\;C:\Program Files (x86)\Windows Kits\10\Windows Performance Toolkit\;C:\Program Files\JetBrains\CLion 2025.1.4\bin\mingw\bin;C:\Program Files\Git\cmd;C:\Program Files\CMake\bin;C:\Program Files\nodejs\;C:\ProgramData\chocolatey\bin;D:\flutter\bin;C:\Windows\nuget.exe;C:\Users\mike_\AppData\Local\Microsoft\WindowsApps;C:\Program Files\JetBrains\CLion 2025.1.4\bin;;C:\Users\mike_\AppData\Local\Programs\Microsoft VS Code\bin;C:\Program Files\CMake\bin;C:\Users\mike_\AppData\Roaming\npm;D:\flutter\bin;C:\Users\mike_\AppData\Local\Programs\Antigravity\bin;C:\Windows\nuget.exe;;D:\flutter\bin\mingit\cmd;D:\flutter\bin\mingit\cmd
USERNAME=mike_
OS=Windows_NT
PROCESSOR_IDENTIFIER=AMD64 Family 23 Model 96 Stepping 1, AuthenticAMD
TMP=C:\Users\mike_\AppData\Local\Temp
TEMP=C:\Users\mike_\AppData\Local\Temp




Periodic native trim disabled

JNI global refs:
JNI global refs: 0, weak refs: 0

JNI global refs memory usage: 0, weak refs: 0

Process memory usage:
Resident Set Size: 13772K (0% of 32898372K total physical memory with 10290720K free physical memory)

OOME stack traces (most recent first):
Classloader memory used:

---------------  S Y S T E M  ---------------

OS:
 Windows 11 , 64 bit Build 26100 (10.0.26100.7309)
OS uptime: 4 days 1:20 hours
Hyper-V role detected

CPU: total 12 (initial active 12) (12 cores per cpu, 2 threads per core) family 23 model 96 stepping 1 microcode 0x860010d, cx8, cmov, fxsr, ht, mmx, 3dnowpref, sse, sse2, sse3, ssse3, sse4a, sse4.1, sse4.2, popcnt, lzcnt, tsc, tscinvbit, avx, avx2, aes, clmul, bmi1, bmi2, adx, sha, fma, vzeroupper, clflush, clflushopt, hv, rdtscp, rdpid, f16c
Processor Information for the first 12 processors :
  Max Mhz: 3701, Current Mhz: 3701, Mhz Limit: 3701

Memory: 4k page, system-wide physical 32127M (10049M free)
TotalPageFile size 34175M (AvailPageFile size 427M)
current process WorkingSet (physical memory assigned to process): 13M, peak: 13M
current process commit charge ("private bytes"): 64M, peak: 568M

vm_info: OpenJDK 64-Bit Server VM (21.0.8+-14196175-b1038.72) for windows-amd64 JRE (21.0.8+-14196175-b1038.72), built on 2025-10-01T10:24:33Z by "builder" with MS VC++ 16.10 / 16.11 (VS2019)

END.
